eeschema (2013-07-07 BZR 4022)-stable  >> Creation date: 29/11/2014 23:53:38
#Cmp ( order = Reference )
| D1         LED         
| D2         LED         
| D3         LED         
| D4         LED         
| D5         LED         
| D6         LED         
| D7         LED         
| D8         LED         
| D9         LED         
| D10        LED         
| D11        LED         
| D12        LED         
| D13        LED         
| D14        LED         
| D15        LED         
| D16        LED         
| D17        LED         
| D18        LED         
| D19        LED         
| D20        LED         
| D21        LED         
| D22        LED         
| D23        LED         
| D24        LED         
| D25        LED         
| D26        LED         
| D27        LED         
| D28        LED         
| D29        LED         
| D30        LED         
| D31        LED         
| D32        LED         
| D33        LED         
| D34        LED         
| D35        LED         
| D36        LED         
| D37        LED         
| D38        LED         
| D39        LED         
| D40        LED         
| D41        LED         
| D42        LED         
| D43        LED         
| D44        LED         
| D45        LED         
| D46        LED         
| D47        LED         
| D48        LED         
| D49        LED         
| D50        LED         
| D51        LED         
| D52        LED         
| D53        LED         
| D54        LED         
| D55        LED         
| D56        LED         
| D57        LED         
| D58        LED         
| D59        LED         
| D60        LED         
| D61        LED         
| D62        LED         
| D63        LED         
| D64        LED         
| D65        LED         
| D66        LED         
| D67        LED         
| D68        LED         
| D69        LED         
| D70        LED         
| D71        LED         
| D72        LED         
| D73        LED         
| D74        LED         
| D75        LED         
| D76        LED         
| D77        LED         
| D78        LED         
| D79        LED         
| D80        LED         
| D81        LED         
| D82        LED         
| D83        LED         
| D84        LED         
| P1         CONN_2      
| R1         120         
| R2         120         
| R3         120         
| R4         120         
| R5         120         
| R6         120         
| R7         120         
| R8         120         
| R9         120         
| R10        120         
| R11        120         
| R12        120         
| R13        120         
| R14        120         
| R15        120         
| R16        120         
| R17        120         
| R18        120         
| R19        120         
| R20        120         
| R21        120         
| R22        120         
| R23        120         
| R24        120         
| R25        120         
| R26        120         
| R27        120         
| R28        120         
#End Cmp

#Cmp ( order = Value )
| LED          D1        
| LED          D2        
| LED          D3        
| LED          D4        
| LED          D5        
| LED          D6        
| LED          D7        
| LED          D8        
| LED          D9        
| LED          D10       
| LED          D11       
| LED          D12       
| LED          D13       
| LED          D14       
| LED          D15       
| LED          D16       
| LED          D17       
| LED          D18       
| LED          D19       
| LED          D20       
| LED          D21       
| LED          D22       
| LED          D23       
| LED          D24       
| LED          D25       
| LED          D26       
| LED          D27       
| LED          D28       
| LED          D29       
| LED          D30       
| LED          D31       
| LED          D32       
| LED          D33       
| LED          D34       
| LED          D35       
| LED          D36       
| LED          D37       
| LED          D38       
| LED          D39       
| LED          D40       
| LED          D41       
| LED          D42       
| LED          D43       
| LED          D44       
| LED          D45       
| LED          D46       
| LED          D47       
| LED          D48       
| LED          D49       
| LED          D50       
| LED          D51       
| LED          D52       
| LED          D53       
| LED          D54       
| LED          D55       
| LED          D56       
| LED          D57       
| LED          D58       
| LED          D59       
| LED          D60       
| LED          D61       
| LED          D62       
| LED          D63       
| LED          D64       
| LED          D65       
| LED          D66       
| LED          D67       
| LED          D68       
| LED          D69       
| LED          D70       
| LED          D71       
| LED          D72       
| LED          D73       
| LED          D74       
| LED          D75       
| LED          D76       
| LED          D77       
| LED          D78       
| LED          D79       
| LED          D80       
| LED          D81       
| LED          D82       
| LED          D83       
| LED          D84       
| CONN_2       P1        
| 120          R1        
| 120          R2        
| 120          R3        
| 120          R4        
| 120          R5        
| 120          R6        
| 120          R7        
| 120          R8        
| 120          R9        
| 120          R10       
| 120          R11       
| 120          R12       
| 120          R13       
| 120          R14       
| 120          R15       
| 120          R16       
| 120          R17       
| 120          R18       
| 120          R19       
| 120          R20       
| 120          R21       
| 120          R22       
| 120          R23       
| 120          R24       
| 120          R25       
| 120          R26       
| 120          R27       
| 120          R28       
#End Cmp

#End List
